// Jest Snapshot v1, https://goo.gl/fbAQLP

exports[`contains correct id 1`] = `
<p>
  Hello, the id is 
  1
</p>
`;

exports[`renders without crashing 1`] = `
<p>
  Hello, the id is 
</p>
`;
